CRITICAL - 2024-06-23 14:57:45 --> User does not exist for specified user id
in APPPATH/Models/UserModel.php on line 276.
 1 APPPATH/Controllers/Users.php(140): App\Models\UserModel->findUserById()
 2 SYSTEMPATH/CodeIgniter.php(932): App\Controllers\Users->ref_point()
 3 SYSTEMPATH/CodeIgniter.php(497): CodeIgniter\CodeIgniter->runController()
 4 SYSTEMPATH/CodeIgniter.php(366): CodeIgniter\CodeIgniter->handleRequest()
 5 FCPATH/index.php(67): CodeIgniter\CodeIgniter->run()
CRITICAL - 2024-06-23 14:57:45 --> Trying to access array offset on value of type null
in APPPATH/Models/BasicModel.php on line 216.
 1 APPPATH/Models/BasicModel.php(216): CodeIgniter\Debug\Exceptions->errorHandler()
 2 APPPATH/Models/BasicModel.php(32): App\Models\BasicModel->getUserWorkEmptyFields()
 3 APPPATH/Controllers/Basic.php(16): App\Models\BasicModel->getEmptyFields()
 4 SYSTEMPATH/CodeIgniter.php(932): App\Controllers\Basic->getUserProfileEmptyFields()
 5 SYSTEMPATH/CodeIgniter.php(497): CodeIgniter\CodeIgniter->runController()
 6 SYSTEMPATH/CodeIgniter.php(366): CodeIgniter\CodeIgniter->handleRequest()
 7 FCPATH/index.php(67): CodeIgniter\CodeIgniter->run()
CRITICAL - 2024-06-23 14:57:53 --> Trying to access array offset on value of type null
in APPPATH/Models/BasicModel.php on line 216.
 1 APPPATH/Models/BasicModel.php(216): CodeIgniter\Debug\Exceptions->errorHandler()
 2 APPPATH/Models/BasicModel.php(32): App\Models\BasicModel->getUserWorkEmptyFields()
 3 APPPATH/Controllers/Basic.php(16): App\Models\BasicModel->getEmptyFields()
 4 SYSTEMPATH/CodeIgniter.php(932): App\Controllers\Basic->getUserProfileEmptyFields()
 5 SYSTEMPATH/CodeIgniter.php(497): CodeIgniter\CodeIgniter->runController()
 6 SYSTEMPATH/CodeIgniter.php(366): CodeIgniter\CodeIgniter->handleRequest()
 7 FCPATH/index.php(67): CodeIgniter\CodeIgniter->run()
CRITICAL - 2024-06-23 14:57:53 --> Trying to access array offset on value of type null
in APPPATH/Models/BasicModel.php on line 216.
 1 APPPATH/Models/BasicModel.php(216): CodeIgniter\Debug\Exceptions->errorHandler()
 2 APPPATH/Models/BasicModel.php(32): App\Models\BasicModel->getUserWorkEmptyFields()
 3 APPPATH/Controllers/Basic.php(16): App\Models\BasicModel->getEmptyFields()
 4 SYSTEMPATH/CodeIgniter.php(932): App\Controllers\Basic->getUserProfileEmptyFields()
 5 SYSTEMPATH/CodeIgniter.php(497): CodeIgniter\CodeIgniter->runController()
 6 SYSTEMPATH/CodeIgniter.php(366): CodeIgniter\CodeIgniter->handleRequest()
 7 FCPATH/index.php(67): CodeIgniter\CodeIgniter->run()
CRITICAL - 2024-06-23 14:58:09 --> Trying to access array offset on value of type null
in APPPATH/Models/BasicModel.php on line 216.
 1 APPPATH/Models/BasicModel.php(216): CodeIgniter\Debug\Exceptions->errorHandler()
 2 APPPATH/Models/BasicModel.php(32): App\Models\BasicModel->getUserWorkEmptyFields()
 3 APPPATH/Controllers/Basic.php(16): App\Models\BasicModel->getEmptyFields()
 4 SYSTEMPATH/CodeIgniter.php(932): App\Controllers\Basic->getUserProfileEmptyFields()
 5 SYSTEMPATH/CodeIgniter.php(497): CodeIgniter\CodeIgniter->runController()
 6 SYSTEMPATH/CodeIgniter.php(366): CodeIgniter\CodeIgniter->handleRequest()
 7 FCPATH/index.php(67): CodeIgniter\CodeIgniter->run()
CRITICAL - 2024-06-23 14:58:09 --> User does not exist for specified user id
in APPPATH/Models/UserModel.php on line 276.
 1 APPPATH/Controllers/Users.php(140): App\Models\UserModel->findUserById()
 2 SYSTEMPATH/CodeIgniter.php(932): App\Controllers\Users->ref_point()
 3 SYSTEMPATH/CodeIgniter.php(497): CodeIgniter\CodeIgniter->runController()
 4 SYSTEMPATH/CodeIgniter.php(366): CodeIgniter\CodeIgniter->handleRequest()
 5 FCPATH/index.php(67): CodeIgniter\CodeIgniter->run()
ERROR - 2024-06-23 20:29:27 --> mysqli_sql_exception: Cannot add or update a child row: a foreign key constraint fails (`webuser_moj`.`resumes`, CONSTRAINT `resumes_user_id_foreign` FOREIGN KEY (`user_id`) REFERENCES `users` (`id`) ON DELETE CASCADE ON UPDATE CASCADE) in /home/webuser/web/dashboard.masterofjobs.in/public_html/vendor/codeigniter4/framework/system/Database/MySQLi/Connection.php:295
Stack trace:
#0 /home/webuser/web/dashboard.masterofjobs.in/public_html/vendor/codeigniter4/framework/system/Database/MySQLi/Connection.php(295): mysqli->query()
#1 /home/webuser/web/dashboard.masterofjobs.in/public_html/vendor/codeigniter4/framework/system/Database/BaseConnection.php(692): CodeIgniter\Database\MySQLi\Connection->execute()
#2 /home/webuser/web/dashboard.masterofjobs.in/public_html/vendor/codeigniter4/framework/system/Database/BaseConnection.php(606): CodeIgniter\Database\BaseConnection->simpleQuery()
#3 /home/webuser/web/dashboard.masterofjobs.in/public_html/app/Models/ResumeModel.php(127): CodeIgniter\Database\BaseConnection->query()
#4 /home/webuser/web/dashboard.masterofjobs.in/public_html/app/Controllers/resume.php(106): App\Models\ResumeModel->save()
#5 /home/webuser/web/dashboard.masterofjobs.in/public_html/vendor/codeigniter4/framework/system/CodeIgniter.php(932): App\Controllers\resume->store()
#6 /home/webuser/web/dashboard.masterofjobs.in/public_html/vendor/codeigniter4/framework/system/CodeIgniter.php(497): CodeIgniter\CodeIgniter->runController()
#7 /home/webuser/web/dashboard.masterofjobs.in/public_html/vendor/codeigniter4/framework/system/CodeIgniter.php(366): CodeIgniter\CodeIgniter->handleRequest()
#8 /home/webuser/web/dashboard.masterofjobs.in/public_html/public/index.php(67): CodeIgniter\CodeIgniter->run()
#9 {main}
CRITICAL - 2024-06-23 20:29:27 --> Cannot add or update a child row: a foreign key constraint fails (`webuser_moj`.`resumes`, CONSTRAINT `resumes_user_id_foreign` FOREIGN KEY (`user_id`) REFERENCES `users` (`id`) ON DELETE CASCADE ON UPDATE CASCADE)
in SYSTEMPATH/Database/MySQLi/Connection.php on line 295.
 1 SYSTEMPATH/Database/MySQLi/Connection.php(295): mysqli->query()
 2 SYSTEMPATH/Database/BaseConnection.php(692): CodeIgniter\Database\MySQLi\Connection->execute()
 3 SYSTEMPATH/Database/BaseConnection.php(606): CodeIgniter\Database\BaseConnection->simpleQuery()
 4 APPPATH/Models/ResumeModel.php(127): CodeIgniter\Database\BaseConnection->query()
 5 APPPATH/Controllers/resume.php(106): App\Models\ResumeModel->save()
 6 SYSTEMPATH/CodeIgniter.php(932): App\Controllers\resume->store()
 7 SYSTEMPATH/CodeIgniter.php(497): CodeIgniter\CodeIgniter->runController()
 8 SYSTEMPATH/CodeIgniter.php(366): CodeIgniter\CodeIgniter->handleRequest()
 9 FCPATH/index.php(67): CodeIgniter\CodeIgniter->run()
ERROR - 2024-06-23 20:29:34 --> mysqli_sql_exception: Cannot add or update a child row: a foreign key constraint fails (`webuser_moj`.`resumes`, CONSTRAINT `resumes_user_id_foreign` FOREIGN KEY (`user_id`) REFERENCES `users` (`id`) ON DELETE CASCADE ON UPDATE CASCADE) in /home/webuser/web/dashboard.masterofjobs.in/public_html/vendor/codeigniter4/framework/system/Database/MySQLi/Connection.php:295
Stack trace:
#0 /home/webuser/web/dashboard.masterofjobs.in/public_html/vendor/codeigniter4/framework/system/Database/MySQLi/Connection.php(295): mysqli->query()
#1 /home/webuser/web/dashboard.masterofjobs.in/public_html/vendor/codeigniter4/framework/system/Database/BaseConnection.php(692): CodeIgniter\Database\MySQLi\Connection->execute()
#2 /home/webuser/web/dashboard.masterofjobs.in/public_html/vendor/codeigniter4/framework/system/Database/BaseConnection.php(606): CodeIgniter\Database\BaseConnection->simpleQuery()
#3 /home/webuser/web/dashboard.masterofjobs.in/public_html/app/Models/ResumeModel.php(127): CodeIgniter\Database\BaseConnection->query()
#4 /home/webuser/web/dashboard.masterofjobs.in/public_html/app/Controllers/resume.php(106): App\Models\ResumeModel->save()
#5 /home/webuser/web/dashboard.masterofjobs.in/public_html/vendor/codeigniter4/framework/system/CodeIgniter.php(932): App\Controllers\resume->store()
#6 /home/webuser/web/dashboard.masterofjobs.in/public_html/vendor/codeigniter4/framework/system/CodeIgniter.php(497): CodeIgniter\CodeIgniter->runController()
#7 /home/webuser/web/dashboard.masterofjobs.in/public_html/vendor/codeigniter4/framework/system/CodeIgniter.php(366): CodeIgniter\CodeIgniter->handleRequest()
#8 /home/webuser/web/dashboard.masterofjobs.in/public_html/public/index.php(67): CodeIgniter\CodeIgniter->run()
#9 {main}
CRITICAL - 2024-06-23 20:29:34 --> Cannot add or update a child row: a foreign key constraint fails (`webuser_moj`.`resumes`, CONSTRAINT `resumes_user_id_foreign` FOREIGN KEY (`user_id`) REFERENCES `users` (`id`) ON DELETE CASCADE ON UPDATE CASCADE)
in SYSTEMPATH/Database/MySQLi/Connection.php on line 295.
 1 SYSTEMPATH/Database/MySQLi/Connection.php(295): mysqli->query()
 2 SYSTEMPATH/Database/BaseConnection.php(692): CodeIgniter\Database\MySQLi\Connection->execute()
 3 SYSTEMPATH/Database/BaseConnection.php(606): CodeIgniter\Database\BaseConnection->simpleQuery()
 4 APPPATH/Models/ResumeModel.php(127): CodeIgniter\Database\BaseConnection->query()
 5 APPPATH/Controllers/resume.php(106): App\Models\ResumeModel->save()
 6 SYSTEMPATH/CodeIgniter.php(932): App\Controllers\resume->store()
 7 SYSTEMPATH/CodeIgniter.php(497): CodeIgniter\CodeIgniter->runController()
 8 SYSTEMPATH/CodeIgniter.php(366): CodeIgniter\CodeIgniter->handleRequest()
 9 FCPATH/index.php(67): CodeIgniter\CodeIgniter->run()
ERROR - 2024-06-23 20:30:33 --> mysqli_sql_exception: Cannot add or update a child row: a foreign key constraint fails (`webuser_moj`.`resumes`, CONSTRAINT `resumes_user_id_foreign` FOREIGN KEY (`user_id`) REFERENCES `users` (`id`) ON DELETE CASCADE ON UPDATE CASCADE) in /home/webuser/web/dashboard.masterofjobs.in/public_html/vendor/codeigniter4/framework/system/Database/MySQLi/Connection.php:295
Stack trace:
#0 /home/webuser/web/dashboard.masterofjobs.in/public_html/vendor/codeigniter4/framework/system/Database/MySQLi/Connection.php(295): mysqli->query()
#1 /home/webuser/web/dashboard.masterofjobs.in/public_html/vendor/codeigniter4/framework/system/Database/BaseConnection.php(692): CodeIgniter\Database\MySQLi\Connection->execute()
#2 /home/webuser/web/dashboard.masterofjobs.in/public_html/vendor/codeigniter4/framework/system/Database/BaseConnection.php(606): CodeIgniter\Database\BaseConnection->simpleQuery()
#3 /home/webuser/web/dashboard.masterofjobs.in/public_html/app/Models/ResumeModel.php(127): CodeIgniter\Database\BaseConnection->query()
#4 /home/webuser/web/dashboard.masterofjobs.in/public_html/app/Controllers/resume.php(106): App\Models\ResumeModel->save()
#5 /home/webuser/web/dashboard.masterofjobs.in/public_html/vendor/codeigniter4/framework/system/CodeIgniter.php(932): App\Controllers\resume->store()
#6 /home/webuser/web/dashboard.masterofjobs.in/public_html/vendor/codeigniter4/framework/system/CodeIgniter.php(497): CodeIgniter\CodeIgniter->runController()
#7 /home/webuser/web/dashboard.masterofjobs.in/public_html/vendor/codeigniter4/framework/system/CodeIgniter.php(366): CodeIgniter\CodeIgniter->handleRequest()
#8 /home/webuser/web/dashboard.masterofjobs.in/public_html/public/index.php(67): CodeIgniter\CodeIgniter->run()
#9 {main}
CRITICAL - 2024-06-23 20:30:33 --> Cannot add or update a child row: a foreign key constraint fails (`webuser_moj`.`resumes`, CONSTRAINT `resumes_user_id_foreign` FOREIGN KEY (`user_id`) REFERENCES `users` (`id`) ON DELETE CASCADE ON UPDATE CASCADE)
in SYSTEMPATH/Database/MySQLi/Connection.php on line 295.
 1 SYSTEMPATH/Database/MySQLi/Connection.php(295): mysqli->query()
 2 SYSTEMPATH/Database/BaseConnection.php(692): CodeIgniter\Database\MySQLi\Connection->execute()
 3 SYSTEMPATH/Database/BaseConnection.php(606): CodeIgniter\Database\BaseConnection->simpleQuery()
 4 APPPATH/Models/ResumeModel.php(127): CodeIgniter\Database\BaseConnection->query()
 5 APPPATH/Controllers/resume.php(106): App\Models\ResumeModel->save()
 6 SYSTEMPATH/CodeIgniter.php(932): App\Controllers\resume->store()
 7 SYSTEMPATH/CodeIgniter.php(497): CodeIgniter\CodeIgniter->runController()
 8 SYSTEMPATH/CodeIgniter.php(366): CodeIgniter\CodeIgniter->handleRequest()
 9 FCPATH/index.php(67): CodeIgniter\CodeIgniter->run()
ERROR - 2024-06-23 20:30:36 --> mysqli_sql_exception: Cannot add or update a child row: a foreign key constraint fails (`webuser_moj`.`resumes`, CONSTRAINT `resumes_user_id_foreign` FOREIGN KEY (`user_id`) REFERENCES `users` (`id`) ON DELETE CASCADE ON UPDATE CASCADE) in /home/webuser/web/dashboard.masterofjobs.in/public_html/vendor/codeigniter4/framework/system/Database/MySQLi/Connection.php:295
Stack trace:
#0 /home/webuser/web/dashboard.masterofjobs.in/public_html/vendor/codeigniter4/framework/system/Database/MySQLi/Connection.php(295): mysqli->query()
#1 /home/webuser/web/dashboard.masterofjobs.in/public_html/vendor/codeigniter4/framework/system/Database/BaseConnection.php(692): CodeIgniter\Database\MySQLi\Connection->execute()
#2 /home/webuser/web/dashboard.masterofjobs.in/public_html/vendor/codeigniter4/framework/system/Database/BaseConnection.php(606): CodeIgniter\Database\BaseConnection->simpleQuery()
#3 /home/webuser/web/dashboard.masterofjobs.in/public_html/app/Models/ResumeModel.php(127): CodeIgniter\Database\BaseConnection->query()
#4 /home/webuser/web/dashboard.masterofjobs.in/public_html/app/Controllers/resume.php(106): App\Models\ResumeModel->save()
#5 /home/webuser/web/dashboard.masterofjobs.in/public_html/vendor/codeigniter4/framework/system/CodeIgniter.php(932): App\Controllers\resume->store()
#6 /home/webuser/web/dashboard.masterofjobs.in/public_html/vendor/codeigniter4/framework/system/CodeIgniter.php(497): CodeIgniter\CodeIgniter->runController()
#7 /home/webuser/web/dashboard.masterofjobs.in/public_html/vendor/codeigniter4/framework/system/CodeIgniter.php(366): CodeIgniter\CodeIgniter->handleRequest()
#8 /home/webuser/web/dashboard.masterofjobs.in/public_html/public/index.php(67): CodeIgniter\CodeIgniter->run()
#9 {main}
CRITICAL - 2024-06-23 20:30:36 --> Cannot add or update a child row: a foreign key constraint fails (`webuser_moj`.`resumes`, CONSTRAINT `resumes_user_id_foreign` FOREIGN KEY (`user_id`) REFERENCES `users` (`id`) ON DELETE CASCADE ON UPDATE CASCADE)
in SYSTEMPATH/Database/MySQLi/Connection.php on line 295.
 1 SYSTEMPATH/Database/MySQLi/Connection.php(295): mysqli->query()
 2 SYSTEMPATH/Database/BaseConnection.php(692): CodeIgniter\Database\MySQLi\Connection->execute()
 3 SYSTEMPATH/Database/BaseConnection.php(606): CodeIgniter\Database\BaseConnection->simpleQuery()
 4 APPPATH/Models/ResumeModel.php(127): CodeIgniter\Database\BaseConnection->query()
 5 APPPATH/Controllers/resume.php(106): App\Models\ResumeModel->save()
 6 SYSTEMPATH/CodeIgniter.php(932): App\Controllers\resume->store()
 7 SYSTEMPATH/CodeIgniter.php(497): CodeIgniter\CodeIgniter->runController()
 8 SYSTEMPATH/CodeIgniter.php(366): CodeIgniter\CodeIgniter->handleRequest()
 9 FCPATH/index.php(67): CodeIgniter\CodeIgniter->run()
CRITICAL - 2024-06-23 15:00:47 --> Trying to access array offset on value of type null
in APPPATH/Models/BasicModel.php on line 216.
 1 APPPATH/Models/BasicModel.php(216): CodeIgniter\Debug\Exceptions->errorHandler()
 2 APPPATH/Models/BasicModel.php(32): App\Models\BasicModel->getUserWorkEmptyFields()
 3 APPPATH/Controllers/Basic.php(16): App\Models\BasicModel->getEmptyFields()
 4 SYSTEMPATH/CodeIgniter.php(932): App\Controllers\Basic->getUserProfileEmptyFields()
 5 SYSTEMPATH/CodeIgniter.php(497): CodeIgniter\CodeIgniter->runController()
 6 SYSTEMPATH/CodeIgniter.php(366): CodeIgniter\CodeIgniter->handleRequest()
 7 FCPATH/index.php(67): CodeIgniter\CodeIgniter->run()
CRITICAL - 2024-06-23 15:00:47 --> Trying to access array offset on value of type null
in APPPATH/Models/BasicModel.php on line 216.
 1 APPPATH/Models/BasicModel.php(216): CodeIgniter\Debug\Exceptions->errorHandler()
 2 APPPATH/Models/BasicModel.php(32): App\Models\BasicModel->getUserWorkEmptyFields()
 3 APPPATH/Controllers/Basic.php(16): App\Models\BasicModel->getEmptyFields()
 4 SYSTEMPATH/CodeIgniter.php(932): App\Controllers\Basic->getUserProfileEmptyFields()
 5 SYSTEMPATH/CodeIgniter.php(497): CodeIgniter\CodeIgniter->runController()
 6 SYSTEMPATH/CodeIgniter.php(366): CodeIgniter\CodeIgniter->handleRequest()
 7 FCPATH/index.php(67): CodeIgniter\CodeIgniter->run()
