CRITICAL - 2024-06-24 11:28:25 --> Trying to access array offset on value of type null
in APPPATH/Models/BasicModel.php on line 216.
 1 APPPATH/Models/BasicModel.php(216): CodeIgniter\Debug\Exceptions->errorHandler()
 2 APPPATH/Models/BasicModel.php(32): App\Models\BasicModel->getUserWorkEmptyFields()
 3 APPPATH/Controllers/Basic.php(16): App\Models\BasicModel->getEmptyFields()
 4 SYSTEMPATH/CodeIgniter.php(932): App\Controllers\Basic->getUserProfileEmptyFields()
 5 SYSTEMPATH/CodeIgniter.php(497): CodeIgniter\CodeIgniter->runController()
 6 SYSTEMPATH/CodeIgniter.php(366): CodeIgniter\CodeIgniter->handleRequest()
 7 FCPATH/index.php(67): CodeIgniter\CodeIgniter->run()
CRITICAL - 2024-06-24 11:28:25 --> User does not exist for specified user id
in APPPATH/Models/UserModel.php on line 276.
 1 APPPATH/Controllers/Users.php(140): App\Models\UserModel->findUserById()
 2 SYSTEMPATH/CodeIgniter.php(932): App\Controllers\Users->ref_point()
 3 SYSTEMPATH/CodeIgniter.php(497): CodeIgniter\CodeIgniter->runController()
 4 SYSTEMPATH/CodeIgniter.php(366): CodeIgniter\CodeIgniter->handleRequest()
 5 FCPATH/index.php(67): CodeIgniter\CodeIgniter->run()
CRITICAL - 2024-06-24 11:28:25 --> User does not exist for specified user id
in APPPATH/Models/UserModel.php on line 276.
 1 APPPATH/Controllers/Users.php(140): App\Models\UserModel->findUserById()
 2 SYSTEMPATH/CodeIgniter.php(932): App\Controllers\Users->ref_point()
 3 SYSTEMPATH/CodeIgniter.php(497): CodeIgniter\CodeIgniter->runController()
 4 SYSTEMPATH/CodeIgniter.php(366): CodeIgniter\CodeIgniter->handleRequest()
 5 FCPATH/index.php(67): CodeIgniter\CodeIgniter->run()
CRITICAL - 2024-06-24 11:28:25 --> Trying to access array offset on value of type null
in APPPATH/Models/BasicModel.php on line 216.
 1 APPPATH/Models/BasicModel.php(216): CodeIgniter\Debug\Exceptions->errorHandler()
 2 APPPATH/Models/BasicModel.php(32): App\Models\BasicModel->getUserWorkEmptyFields()
 3 APPPATH/Controllers/Basic.php(16): App\Models\BasicModel->getEmptyFields()
 4 SYSTEMPATH/CodeIgniter.php(932): App\Controllers\Basic->getUserProfileEmptyFields()
 5 SYSTEMPATH/CodeIgniter.php(497): CodeIgniter\CodeIgniter->runController()
 6 SYSTEMPATH/CodeIgniter.php(366): CodeIgniter\CodeIgniter->handleRequest()
 7 FCPATH/index.php(67): CodeIgniter\CodeIgniter->run()
CRITICAL - 2024-06-24 14:20:05 --> Trying to access array offset on value of type null
in APPPATH/Models/BasicModel.php on line 216.
 1 APPPATH/Models/BasicModel.php(216): CodeIgniter\Debug\Exceptions->errorHandler()
 2 APPPATH/Models/BasicModel.php(32): App\Models\BasicModel->getUserWorkEmptyFields()
 3 APPPATH/Controllers/Basic.php(16): App\Models\BasicModel->getEmptyFields()
 4 SYSTEMPATH/CodeIgniter.php(932): App\Controllers\Basic->getUserProfileEmptyFields()
 5 SYSTEMPATH/CodeIgniter.php(497): CodeIgniter\CodeIgniter->runController()
 6 SYSTEMPATH/CodeIgniter.php(366): CodeIgniter\CodeIgniter->handleRequest()
 7 FCPATH/index.php(67): CodeIgniter\CodeIgniter->run()
CRITICAL - 2024-06-24 14:20:05 --> User does not exist for specified user id
in APPPATH/Models/UserModel.php on line 276.
 1 APPPATH/Controllers/Users.php(140): App\Models\UserModel->findUserById()
 2 SYSTEMPATH/CodeIgniter.php(932): App\Controllers\Users->ref_point()
 3 SYSTEMPATH/CodeIgniter.php(497): CodeIgniter\CodeIgniter->runController()
 4 SYSTEMPATH/CodeIgniter.php(366): CodeIgniter\CodeIgniter->handleRequest()
 5 FCPATH/index.php(67): CodeIgniter\CodeIgniter->run()
