CRITICAL - 2024-06-18 09:22:56 --> Class "App\Controllers\JobModel" not found
in APPPATH/Controllers/Msg.php on line 67.
 1 SYSTEMPATH/CodeIgniter.php(932): App\Controllers\Msg->show()
 2 SYSTEMPATH/CodeIgniter.php(497): CodeIgniter\CodeIgniter->runController()
 3 SYSTEMPATH/CodeIgniter.php(366): CodeIgniter\CodeIgniter->handleRequest()
 4 FCPATH/index.php(67): CodeIgniter\CodeIgniter->run()
CRITICAL - 2024-06-18 09:22:56 --> Class "App\Controllers\JobModel" not found
in APPPATH/Controllers/Msg.php on line 67.
 1 SYSTEMPATH/CodeIgniter.php(932): App\Controllers\Msg->show()
 2 SYSTEMPATH/CodeIgniter.php(497): CodeIgniter\CodeIgniter->runController()
 3 SYSTEMPATH/CodeIgniter.php(366): CodeIgniter\CodeIgniter->handleRequest()
 4 FCPATH/index.php(67): CodeIgniter\CodeIgniter->run()
CRITICAL - 2024-06-18 10:18:30 --> Undefined array key "receiver_id"
in APPPATH/Models/MsgModel.php on line 171.
 1 APPPATH/Models/MsgModel.php(171): CodeIgniter\Debug\Exceptions->errorHandler()
 2 APPPATH/Controllers/Msg.php(51): App\Models\MsgModel->save()
 3 SYSTEMPATH/CodeIgniter.php(932): App\Controllers\Msg->save()
 4 SYSTEMPATH/CodeIgniter.php(497): CodeIgniter\CodeIgniter->runController()
 5 SYSTEMPATH/CodeIgniter.php(366): CodeIgniter\CodeIgniter->handleRequest()
 6 FCPATH/index.php(67): CodeIgniter\CodeIgniter->run()
CRITICAL - 2024-06-18 10:20:10 --> Undefined array key "receiver_id"
in APPPATH/Models/MsgModel.php on line 171.
 1 APPPATH/Models/MsgModel.php(171): CodeIgniter\Debug\Exceptions->errorHandler()
 2 APPPATH/Controllers/Msg.php(51): App\Models\MsgModel->save()
 3 SYSTEMPATH/CodeIgniter.php(932): App\Controllers\Msg->save()
 4 SYSTEMPATH/CodeIgniter.php(497): CodeIgniter\CodeIgniter->runController()
 5 SYSTEMPATH/CodeIgniter.php(366): CodeIgniter\CodeIgniter->handleRequest()
 6 FCPATH/index.php(67): CodeIgniter\CodeIgniter->run()
CRITICAL - 2024-06-18 10:21:13 --> Undefined array key "receiver_id"
in APPPATH/Models/MsgModel.php on line 171.
 1 APPPATH/Models/MsgModel.php(171): CodeIgniter\Debug\Exceptions->errorHandler()
 2 APPPATH/Controllers/Msg.php(44): App\Models\MsgModel->save()
 3 SYSTEMPATH/CodeIgniter.php(932): App\Controllers\Msg->save()
 4 SYSTEMPATH/CodeIgniter.php(497): CodeIgniter\CodeIgniter->runController()
 5 SYSTEMPATH/CodeIgniter.php(366): CodeIgniter\CodeIgniter->handleRequest()
 6 FCPATH/index.php(67): CodeIgniter\CodeIgniter->run()
CRITICAL - 2024-06-18 10:21:33 --> Undefined array key "receiver_id"
in APPPATH/Models/MsgModel.php on line 171.
 1 APPPATH/Models/MsgModel.php(171): CodeIgniter\Debug\Exceptions->errorHandler()
 2 APPPATH/Controllers/Msg.php(44): App\Models\MsgModel->save()
 3 SYSTEMPATH/CodeIgniter.php(932): App\Controllers\Msg->save()
 4 SYSTEMPATH/CodeIgniter.php(497): CodeIgniter\CodeIgniter->runController()
 5 SYSTEMPATH/CodeIgniter.php(366): CodeIgniter\CodeIgniter->handleRequest()
 6 FCPATH/index.php(67): CodeIgniter\CodeIgniter->run()
CRITICAL - 2024-06-18 10:22:23 --> syntax error, unexpected variable "$sender_id"
in APPPATH/Models/MsgModel.php on line 170.
 1 SYSTEMPATH/Autoloader/Autoloader.php(289): CodeIgniter\Autoloader\Autoloader->includeFile()
 2 SYSTEMPATH/Autoloader/Autoloader.php(267): CodeIgniter\Autoloader\Autoloader->loadInNamespace()
 3 APPPATH/Controllers/Msg.php(42): CodeIgniter\Autoloader\Autoloader->loadClass()
 4 SYSTEMPATH/CodeIgniter.php(932): App\Controllers\Msg->save()
 5 SYSTEMPATH/CodeIgniter.php(497): CodeIgniter\CodeIgniter->runController()
 6 SYSTEMPATH/CodeIgniter.php(366): CodeIgniter\CodeIgniter->handleRequest()
 7 FCPATH/index.php(67): CodeIgniter\CodeIgniter->run()
CRITICAL - 2024-06-18 10:22:53 --> Declaration of App\Models\MsgModel::save($data) must be compatible with CodeIgniter\BaseModel::save($data): bool
in APPPATH/Models/MsgModel.php on line 163.
 1 [internal function]: CodeIgniter\Debug\Exceptions->shutdownHandler()
CRITICAL - 2024-06-18 10:23:43 --> Declaration of App\Models\MsgModel::save($data) must be compatible with CodeIgniter\BaseModel::save($data): bool
in APPPATH/Models/MsgModel.php on line 163.
 1 [internal function]: CodeIgniter\Debug\Exceptions->shutdownHandler()
CRITICAL - 2024-06-18 10:24:19 --> Declaration of App\Models\MsgModel::save($data) must be compatible with CodeIgniter\BaseModel::save($data): bool
in APPPATH/Models/MsgModel.php on line 163.
 1 [internal function]: CodeIgniter\Debug\Exceptions->shutdownHandler()
CRITICAL - 2024-06-18 10:24:53 --> Declaration of App\Models\MsgModel::save($data) must be compatible with CodeIgniter\BaseModel::save($data): bool
in APPPATH/Models/MsgModel.php on line 163.
 1 [internal function]: CodeIgniter\Debug\Exceptions->shutdownHandler()
CRITICAL - 2024-06-18 10:25:27 --> Declaration of App\Models\MsgModel::save($data) must be compatible with CodeIgniter\BaseModel::save($data): bool
in APPPATH/Models/MsgModel.php on line 163.
 1 [internal function]: CodeIgniter\Debug\Exceptions->shutdownHandler()
CRITICAL - 2024-06-18 10:27:17 --> Declaration of App\Models\MsgModel::save($data) must be compatible with CodeIgniter\BaseModel::save($data): bool
in APPPATH/Models/MsgModel.php on line 163.
 1 [internal function]: CodeIgniter\Debug\Exceptions->shutdownHandler()
CRITICAL - 2024-06-18 10:27:52 --> Declaration of App\Models\MsgModel::save($data) must be compatible with CodeIgniter\BaseModel::save($data): bool
in APPPATH/Models/MsgModel.php on line 163.
 1 [internal function]: CodeIgniter\Debug\Exceptions->shutdownHandler()
CRITICAL - 2024-06-18 10:28:22 --> Undefined array key "receiver_id"
in APPPATH/Models/MsgModel.php on line 144.
 1 APPPATH/Models/MsgModel.php(144): CodeIgniter\Debug\Exceptions->errorHandler()
 2 APPPATH/Controllers/Msg.php(47): App\Models\MsgModel->save()
 3 SYSTEMPATH/CodeIgniter.php(932): App\Controllers\Msg->save()
 4 SYSTEMPATH/CodeIgniter.php(497): CodeIgniter\CodeIgniter->runController()
 5 SYSTEMPATH/CodeIgniter.php(366): CodeIgniter\CodeIgniter->handleRequest()
 6 FCPATH/index.php(67): CodeIgniter\CodeIgniter->run()
CRITICAL - 2024-06-18 10:28:55 --> Undefined array key "receiver_id"
in APPPATH/Models/MsgModel.php on line 144.
 1 APPPATH/Models/MsgModel.php(144): CodeIgniter\Debug\Exceptions->errorHandler()
 2 APPPATH/Controllers/Msg.php(47): App\Models\MsgModel->save()
 3 SYSTEMPATH/CodeIgniter.php(932): App\Controllers\Msg->save()
 4 SYSTEMPATH/CodeIgniter.php(497): CodeIgniter\CodeIgniter->runController()
 5 SYSTEMPATH/CodeIgniter.php(366): CodeIgniter\CodeIgniter->handleRequest()
 6 FCPATH/index.php(67): CodeIgniter\CodeIgniter->run()
CRITICAL - 2024-06-18 10:31:25 --> Undefined array key "receiver_id"
in APPPATH/Models/MsgModel.php on line 145.
 1 APPPATH/Models/MsgModel.php(145): CodeIgniter\Debug\Exceptions->errorHandler()
 2 APPPATH/Controllers/Msg.php(47): App\Models\MsgModel->save()
 3 SYSTEMPATH/CodeIgniter.php(932): App\Controllers\Msg->save()
 4 SYSTEMPATH/CodeIgniter.php(497): CodeIgniter\CodeIgniter->runController()
 5 SYSTEMPATH/CodeIgniter.php(366): CodeIgniter\CodeIgniter->handleRequest()
 6 FCPATH/index.php(67): CodeIgniter\CodeIgniter->run()
CRITICAL - 2024-06-18 10:31:44 --> Undefined array key "receiver_id"
in APPPATH/Models/MsgModel.php on line 145.
 1 APPPATH/Models/MsgModel.php(145): CodeIgniter\Debug\Exceptions->errorHandler()
 2 APPPATH/Controllers/Msg.php(47): App\Models\MsgModel->save()
 3 SYSTEMPATH/CodeIgniter.php(932): App\Controllers\Msg->save()
 4 SYSTEMPATH/CodeIgniter.php(497): CodeIgniter\CodeIgniter->runController()
 5 SYSTEMPATH/CodeIgniter.php(366): CodeIgniter\CodeIgniter->handleRequest()
 6 FCPATH/index.php(67): CodeIgniter\CodeIgniter->run()
CRITICAL - 2024-06-18 10:31:46 --> Undefined array key "receiver_id"
in APPPATH/Models/MsgModel.php on line 145.
 1 APPPATH/Models/MsgModel.php(145): CodeIgniter\Debug\Exceptions->errorHandler()
 2 APPPATH/Controllers/Msg.php(47): App\Models\MsgModel->save()
 3 SYSTEMPATH/CodeIgniter.php(932): App\Controllers\Msg->save()
 4 SYSTEMPATH/CodeIgniter.php(497): CodeIgniter\CodeIgniter->runController()
 5 SYSTEMPATH/CodeIgniter.php(366): CodeIgniter\CodeIgniter->handleRequest()
 6 FCPATH/index.php(67): CodeIgniter\CodeIgniter->run()
