CRITICAL - 2024-07-30 11:18:41 --> Cannot redeclare App\Controllers\Auth::__construct()
in APPPATH/Controllers/Auth.php on line 65.
 1 [internal function]: CodeIgniter\Debug\Exceptions->shutdownHandler()
CRITICAL - 2024-07-30 11:18:54 --> Cannot redeclare App\Controllers\Auth::__construct()
in APPPATH/Controllers/Auth.php on line 65.
 1 [internal function]: CodeIgniter\Debug\Exceptions->shutdownHandler()
CRITICAL - 2024-07-30 11:19:03 --> Cannot redeclare App\Controllers\Auth::__construct()
in APPPATH/Controllers/Auth.php on line 65.
 1 [internal function]: CodeIgniter\Debug\Exceptions->shutdownHandler()
CRITICAL - 2024-07-30 11:26:42 --> Undefined array key "otp"
in APPPATH/Controllers/Auth.php on line 116.
 1 APPPATH/Controllers/Auth.php(116): CodeIgniter\Debug\Exceptions->errorHandler()
 2 SYSTEMPATH/CodeIgniter.php(932): App\Controllers\Auth->verifyOTP()
 3 SYSTEMPATH/CodeIgniter.php(497): CodeIgniter\CodeIgniter->runController()
 4 SYSTEMPATH/CodeIgniter.php(366): CodeIgniter\CodeIgniter->handleRequest()
 5 FCPATH/index.php(67): CodeIgniter\CodeIgniter->run()
CRITICAL - 2024-07-30 11:26:44 --> Undefined array key "otp"
in APPPATH/Controllers/Auth.php on line 116.
 1 APPPATH/Controllers/Auth.php(116): CodeIgniter\Debug\Exceptions->errorHandler()
 2 SYSTEMPATH/CodeIgniter.php(932): App\Controllers\Auth->verifyOTP()
 3 SYSTEMPATH/CodeIgniter.php(497): CodeIgniter\CodeIgniter->runController()
 4 SYSTEMPATH/CodeIgniter.php(366): CodeIgniter\CodeIgniter->handleRequest()
 5 FCPATH/index.php(67): CodeIgniter\CodeIgniter->run()
CRITICAL - 2024-07-30 11:26:47 --> Undefined array key "otp"
in APPPATH/Controllers/Auth.php on line 116.
 1 APPPATH/Controllers/Auth.php(116): CodeIgniter\Debug\Exceptions->errorHandler()
 2 SYSTEMPATH/CodeIgniter.php(932): App\Controllers\Auth->verifyOTP()
 3 SYSTEMPATH/CodeIgniter.php(497): CodeIgniter\CodeIgniter->runController()
 4 SYSTEMPATH/CodeIgniter.php(366): CodeIgniter\CodeIgniter->handleRequest()
 5 FCPATH/index.php(67): CodeIgniter\CodeIgniter->run()
CRITICAL - 2024-07-30 11:28:21 --> Undefined array key "otp"
in APPPATH/Controllers/Auth.php on line 116.
 1 APPPATH/Controllers/Auth.php(116): CodeIgniter\Debug\Exceptions->errorHandler()
 2 SYSTEMPATH/CodeIgniter.php(932): App\Controllers\Auth->verifyOTP()
 3 SYSTEMPATH/CodeIgniter.php(497): CodeIgniter\CodeIgniter->runController()
 4 SYSTEMPATH/CodeIgniter.php(366): CodeIgniter\CodeIgniter->handleRequest()
 5 FCPATH/index.php(67): CodeIgniter\CodeIgniter->run()
CRITICAL - 2024-07-30 11:32:17 --> Undefined array key "otp"
in APPPATH/Controllers/Auth.php on line 116.
 1 APPPATH/Controllers/Auth.php(116): CodeIgniter\Debug\Exceptions->errorHandler()
 2 SYSTEMPATH/CodeIgniter.php(932): App\Controllers\Auth->verifyOTP()
 3 SYSTEMPATH/CodeIgniter.php(497): CodeIgniter\CodeIgniter->runController()
 4 SYSTEMPATH/CodeIgniter.php(366): CodeIgniter\CodeIgniter->handleRequest()
 5 FCPATH/index.php(67): CodeIgniter\CodeIgniter->run()
CRITICAL - 2024-07-30 11:32:47 --> Undefined array key "otp"
in APPPATH/Controllers/Auth.php on line 116.
 1 APPPATH/Controllers/Auth.php(116): CodeIgniter\Debug\Exceptions->errorHandler()
 2 SYSTEMPATH/CodeIgniter.php(932): App\Controllers\Auth->verifyOTP()
 3 SYSTEMPATH/CodeIgniter.php(497): CodeIgniter\CodeIgniter->runController()
 4 SYSTEMPATH/CodeIgniter.php(366): CodeIgniter\CodeIgniter->handleRequest()
 5 FCPATH/index.php(67): CodeIgniter\CodeIgniter->run()
CRITICAL - 2024-07-30 11:35:12 --> Undefined array key "otp"
in APPPATH/Controllers/Auth.php on line 117.
 1 APPPATH/Controllers/Auth.php(117): CodeIgniter\Debug\Exceptions->errorHandler()
 2 SYSTEMPATH/CodeIgniter.php(932): App\Controllers\Auth->verifyOTP()
 3 SYSTEMPATH/CodeIgniter.php(497): CodeIgniter\CodeIgniter->runController()
 4 SYSTEMPATH/CodeIgniter.php(366): CodeIgniter\CodeIgniter->handleRequest()
 5 FCPATH/index.php(67): CodeIgniter\CodeIgniter->run()
CRITICAL - 2024-07-30 11:36:13 --> Call to a member function get() on null
in APPPATH/Controllers/Auth.php on line 125.
 1 SYSTEMPATH/CodeIgniter.php(932): App\Controllers\Auth->verifyOTP()
 2 SYSTEMPATH/CodeIgniter.php(497): CodeIgniter\CodeIgniter->runController()
 3 SYSTEMPATH/CodeIgniter.php(366): CodeIgniter\CodeIgniter->handleRequest()
 4 FCPATH/index.php(67): CodeIgniter\CodeIgniter->run()
CRITICAL - 2024-07-30 11:36:39 --> Trying to access array offset on value of type null
in APPPATH/Controllers/Auth.php on line 118.
 1 APPPATH/Controllers/Auth.php(118): CodeIgniter\Debug\Exceptions->errorHandler()
 2 SYSTEMPATH/CodeIgniter.php(932): App\Controllers\Auth->verifyOTP()
 3 SYSTEMPATH/CodeIgniter.php(497): CodeIgniter\CodeIgniter->runController()
 4 SYSTEMPATH/CodeIgniter.php(366): CodeIgniter\CodeIgniter->handleRequest()
 5 FCPATH/index.php(67): CodeIgniter\CodeIgniter->run()
CRITICAL - 2024-07-30 11:37:11 --> Call to a member function get() on null
in APPPATH/Controllers/Auth.php on line 125.
 1 SYSTEMPATH/CodeIgniter.php(932): App\Controllers\Auth->verifyOTP()
 2 SYSTEMPATH/CodeIgniter.php(497): CodeIgniter\CodeIgniter->runController()
 3 SYSTEMPATH/CodeIgniter.php(366): CodeIgniter\CodeIgniter->handleRequest()
 4 FCPATH/index.php(67): CodeIgniter\CodeIgniter->run()
