CRITICAL - 2024-06-10 06:41:52 --> User does not exist for specified user id
in APPPATH/Models/UserModel.php on line 276.
 1 APPPATH/Controllers/Users.php(41): App\Models\UserModel->findUserById()
 2 SYSTEMPATH/CodeIgniter.php(932): App\Controllers\Users->get_user()
 3 SYSTEMPATH/CodeIgniter.php(497): CodeIgniter\CodeIgniter->runController()
 4 SYSTEMPATH/CodeIgniter.php(366): CodeIgniter\CodeIgniter->handleRequest()
 5 FCPATH/index.php(67): CodeIgniter\CodeIgniter->run()
CRITICAL - 2024-06-10 06:41:52 --> User does not exist for specified user id
in APPPATH/Models/UserModel.php on line 276.
 1 APPPATH/Controllers/Users.php(41): App\Models\UserModel->findUserById()
 2 SYSTEMPATH/CodeIgniter.php(932): App\Controllers\Users->get_user()
 3 SYSTEMPATH/CodeIgniter.php(497): CodeIgniter\CodeIgniter->runController()
 4 SYSTEMPATH/CodeIgniter.php(366): CodeIgniter\CodeIgniter->handleRequest()
 5 FCPATH/index.php(67): CodeIgniter\CodeIgniter->run()
CRITICAL - 2024-06-10 06:43:31 --> User does not exist for specified user id
in APPPATH/Models/UserModel.php on line 276.
 1 APPPATH/Controllers/Users.php(41): App\Models\UserModel->findUserById()
 2 SYSTEMPATH/CodeIgniter.php(932): App\Controllers\Users->get_user()
 3 SYSTEMPATH/CodeIgniter.php(497): CodeIgniter\CodeIgniter->runController()
 4 SYSTEMPATH/CodeIgniter.php(366): CodeIgniter\CodeIgniter->handleRequest()
 5 FCPATH/index.php(67): CodeIgniter\CodeIgniter->run()
CRITICAL - 2024-06-10 06:43:31 --> User does not exist for specified user id
in APPPATH/Models/UserModel.php on line 276.
 1 APPPATH/Controllers/Users.php(41): App\Models\UserModel->findUserById()
 2 SYSTEMPATH/CodeIgniter.php(932): App\Controllers\Users->get_user()
 3 SYSTEMPATH/CodeIgniter.php(497): CodeIgniter\CodeIgniter->runController()
 4 SYSTEMPATH/CodeIgniter.php(366): CodeIgniter\CodeIgniter->handleRequest()
 5 FCPATH/index.php(67): CodeIgniter\CodeIgniter->run()
CRITICAL - 2024-06-10 06:43:51 --> User does not exist for specified user id
in APPPATH/Models/UserModel.php on line 276.
 1 APPPATH/Controllers/Users.php(41): App\Models\UserModel->findUserById()
 2 SYSTEMPATH/CodeIgniter.php(932): App\Controllers\Users->get_user()
 3 SYSTEMPATH/CodeIgniter.php(497): CodeIgniter\CodeIgniter->runController()
 4 SYSTEMPATH/CodeIgniter.php(366): CodeIgniter\CodeIgniter->handleRequest()
 5 FCPATH/index.php(67): CodeIgniter\CodeIgniter->run()
CRITICAL - 2024-06-10 06:43:51 --> User does not exist for specified user id
in APPPATH/Models/UserModel.php on line 276.
 1 APPPATH/Controllers/Users.php(41): App\Models\UserModel->findUserById()
 2 SYSTEMPATH/CodeIgniter.php(932): App\Controllers\Users->get_user()
 3 SYSTEMPATH/CodeIgniter.php(497): CodeIgniter\CodeIgniter->runController()
 4 SYSTEMPATH/CodeIgniter.php(366): CodeIgniter\CodeIgniter->handleRequest()
 5 FCPATH/index.php(67): CodeIgniter\CodeIgniter->run()
ERROR - 2024-06-10 12:14:39 --> mysqli_sql_exception: Cannot add or update a child row: a foreign key constraint fails (`webuser_moj`.`job_pref_user`, CONSTRAINT `job_pref_user_user_id_foreign` FOREIGN KEY (`user_id`) REFERENCES `users` (`id`) ON DELETE CASCADE ON UPDATE CASCADE) in /home/webuser/web/dashboard.masterofjobs.in/public_html/vendor/codeigniter4/framework/system/Database/MySQLi/Connection.php:295
Stack trace:
#0 /home/webuser/web/dashboard.masterofjobs.in/public_html/vendor/codeigniter4/framework/system/Database/MySQLi/Connection.php(295): mysqli->query()
#1 /home/webuser/web/dashboard.masterofjobs.in/public_html/vendor/codeigniter4/framework/system/Database/BaseConnection.php(692): CodeIgniter\Database\MySQLi\Connection->execute()
#2 /home/webuser/web/dashboard.masterofjobs.in/public_html/vendor/codeigniter4/framework/system/Database/BaseConnection.php(606): CodeIgniter\Database\BaseConnection->simpleQuery()
#3 /home/webuser/web/dashboard.masterofjobs.in/public_html/app/Models/Job_prefModel.php(294): CodeIgniter\Database\BaseConnection->query()
#4 /home/webuser/web/dashboard.masterofjobs.in/public_html/app/Controllers/Job_pref.php(206): App\Models\Job_prefModel->user_save()
#5 /home/webuser/web/dashboard.masterofjobs.in/public_html/vendor/codeigniter4/framework/system/CodeIgniter.php(932): App\Controllers\Job_pref->user_save()
#6 /home/webuser/web/dashboard.masterofjobs.in/public_html/vendor/codeigniter4/framework/system/CodeIgniter.php(497): CodeIgniter\CodeIgniter->runController()
#7 /home/webuser/web/dashboard.masterofjobs.in/public_html/vendor/codeigniter4/framework/system/CodeIgniter.php(366): CodeIgniter\CodeIgniter->handleRequest()
#8 /home/webuser/web/dashboard.masterofjobs.in/public_html/public/index.php(67): CodeIgniter\CodeIgniter->run()
#9 {main}
CRITICAL - 2024-06-10 12:14:39 --> Cannot add or update a child row: a foreign key constraint fails (`webuser_moj`.`job_pref_user`, CONSTRAINT `job_pref_user_user_id_foreign` FOREIGN KEY (`user_id`) REFERENCES `users` (`id`) ON DELETE CASCADE ON UPDATE CASCADE)
in SYSTEMPATH/Database/MySQLi/Connection.php on line 295.
 1 SYSTEMPATH/Database/MySQLi/Connection.php(295): mysqli->query()
 2 SYSTEMPATH/Database/BaseConnection.php(692): CodeIgniter\Database\MySQLi\Connection->execute()
 3 SYSTEMPATH/Database/BaseConnection.php(606): CodeIgniter\Database\BaseConnection->simpleQuery()
 4 APPPATH/Models/Job_prefModel.php(294): CodeIgniter\Database\BaseConnection->query()
 5 APPPATH/Controllers/Job_pref.php(206): App\Models\Job_prefModel->user_save()
 6 SYSTEMPATH/CodeIgniter.php(932): App\Controllers\Job_pref->user_save()
 7 SYSTEMPATH/CodeIgniter.php(497): CodeIgniter\CodeIgniter->runController()
 8 SYSTEMPATH/CodeIgniter.php(366): CodeIgniter\CodeIgniter->handleRequest()
 9 FCPATH/index.php(67): CodeIgniter\CodeIgniter->run()
ERROR - 2024-06-10 12:15:07 --> mysqli_sql_exception: Cannot add or update a child row: a foreign key constraint fails (`webuser_moj`.`user_education`, CONSTRAINT `user_education_user_id_foreign` FOREIGN KEY (`user_id`) REFERENCES `users` (`id`) ON DELETE CASCADE ON UPDATE CASCADE) in /home/webuser/web/dashboard.masterofjobs.in/public_html/vendor/codeigniter4/framework/system/Database/MySQLi/Connection.php:295
Stack trace:
#0 /home/webuser/web/dashboard.masterofjobs.in/public_html/vendor/codeigniter4/framework/system/Database/MySQLi/Connection.php(295): mysqli->query()
#1 /home/webuser/web/dashboard.masterofjobs.in/public_html/vendor/codeigniter4/framework/system/Database/BaseConnection.php(692): CodeIgniter\Database\MySQLi\Connection->execute()
#2 /home/webuser/web/dashboard.masterofjobs.in/public_html/vendor/codeigniter4/framework/system/Database/BaseConnection.php(606): CodeIgniter\Database\BaseConnection->simpleQuery()
#3 /home/webuser/web/dashboard.masterofjobs.in/public_html/app/Models/UserModel.php(718): CodeIgniter\Database\BaseConnection->query()
#4 /home/webuser/web/dashboard.masterofjobs.in/public_html/app/Controllers/Users.php(419): App\Models\UserModel->save_edu()
#5 /home/webuser/web/dashboard.masterofjobs.in/public_html/vendor/codeigniter4/framework/system/CodeIgniter.php(932): App\Controllers\Users->education()
#6 /home/webuser/web/dashboard.masterofjobs.in/public_html/vendor/codeigniter4/framework/system/CodeIgniter.php(497): CodeIgniter\CodeIgniter->runController()
#7 /home/webuser/web/dashboard.masterofjobs.in/public_html/vendor/codeigniter4/framework/system/CodeIgniter.php(366): CodeIgniter\CodeIgniter->handleRequest()
#8 /home/webuser/web/dashboard.masterofjobs.in/public_html/public/index.php(67): CodeIgniter\CodeIgniter->run()
#9 {main}
CRITICAL - 2024-06-10 12:15:07 --> Cannot add or update a child row: a foreign key constraint fails (`webuser_moj`.`user_education`, CONSTRAINT `user_education_user_id_foreign` FOREIGN KEY (`user_id`) REFERENCES `users` (`id`) ON DELETE CASCADE ON UPDATE CASCADE)
in SYSTEMPATH/Database/MySQLi/Connection.php on line 295.
 1 SYSTEMPATH/Database/MySQLi/Connection.php(295): mysqli->query()
 2 SYSTEMPATH/Database/BaseConnection.php(692): CodeIgniter\Database\MySQLi\Connection->execute()
 3 SYSTEMPATH/Database/BaseConnection.php(606): CodeIgniter\Database\BaseConnection->simpleQuery()
 4 APPPATH/Models/UserModel.php(718): CodeIgniter\Database\BaseConnection->query()
 5 APPPATH/Controllers/Users.php(419): App\Models\UserModel->save_edu()
 6 SYSTEMPATH/CodeIgniter.php(932): App\Controllers\Users->education()
 7 SYSTEMPATH/CodeIgniter.php(497): CodeIgniter\CodeIgniter->runController()
 8 SYSTEMPATH/CodeIgniter.php(366): CodeIgniter\CodeIgniter->handleRequest()
 9 FCPATH/index.php(67): CodeIgniter\CodeIgniter->run()
ERROR - 2024-06-10 12:15:09 --> mysqli_sql_exception: Cannot add or update a child row: a foreign key constraint fails (`webuser_moj`.`user_education`, CONSTRAINT `user_education_user_id_foreign` FOREIGN KEY (`user_id`) REFERENCES `users` (`id`) ON DELETE CASCADE ON UPDATE CASCADE) in /home/webuser/web/dashboard.masterofjobs.in/public_html/vendor/codeigniter4/framework/system/Database/MySQLi/Connection.php:295
Stack trace:
#0 /home/webuser/web/dashboard.masterofjobs.in/public_html/vendor/codeigniter4/framework/system/Database/MySQLi/Connection.php(295): mysqli->query()
#1 /home/webuser/web/dashboard.masterofjobs.in/public_html/vendor/codeigniter4/framework/system/Database/BaseConnection.php(692): CodeIgniter\Database\MySQLi\Connection->execute()
#2 /home/webuser/web/dashboard.masterofjobs.in/public_html/vendor/codeigniter4/framework/system/Database/BaseConnection.php(606): CodeIgniter\Database\BaseConnection->simpleQuery()
#3 /home/webuser/web/dashboard.masterofjobs.in/public_html/app/Models/UserModel.php(718): CodeIgniter\Database\BaseConnection->query()
#4 /home/webuser/web/dashboard.masterofjobs.in/public_html/app/Controllers/Users.php(419): App\Models\UserModel->save_edu()
#5 /home/webuser/web/dashboard.masterofjobs.in/public_html/vendor/codeigniter4/framework/system/CodeIgniter.php(932): App\Controllers\Users->education()
#6 /home/webuser/web/dashboard.masterofjobs.in/public_html/vendor/codeigniter4/framework/system/CodeIgniter.php(497): CodeIgniter\CodeIgniter->runController()
#7 /home/webuser/web/dashboard.masterofjobs.in/public_html/vendor/codeigniter4/framework/system/CodeIgniter.php(366): CodeIgniter\CodeIgniter->handleRequest()
#8 /home/webuser/web/dashboard.masterofjobs.in/public_html/public/index.php(67): CodeIgniter\CodeIgniter->run()
#9 {main}
CRITICAL - 2024-06-10 12:15:09 --> Cannot add or update a child row: a foreign key constraint fails (`webuser_moj`.`user_education`, CONSTRAINT `user_education_user_id_foreign` FOREIGN KEY (`user_id`) REFERENCES `users` (`id`) ON DELETE CASCADE ON UPDATE CASCADE)
in SYSTEMPATH/Database/MySQLi/Connection.php on line 295.
 1 SYSTEMPATH/Database/MySQLi/Connection.php(295): mysqli->query()
 2 SYSTEMPATH/Database/BaseConnection.php(692): CodeIgniter\Database\MySQLi\Connection->execute()
 3 SYSTEMPATH/Database/BaseConnection.php(606): CodeIgniter\Database\BaseConnection->simpleQuery()
 4 APPPATH/Models/UserModel.php(718): CodeIgniter\Database\BaseConnection->query()
 5 APPPATH/Controllers/Users.php(419): App\Models\UserModel->save_edu()
 6 SYSTEMPATH/CodeIgniter.php(932): App\Controllers\Users->education()
 7 SYSTEMPATH/CodeIgniter.php(497): CodeIgniter\CodeIgniter->runController()
 8 SYSTEMPATH/CodeIgniter.php(366): CodeIgniter\CodeIgniter->handleRequest()
 9 FCPATH/index.php(67): CodeIgniter\CodeIgniter->run()
ERROR - 2024-06-10 12:15:09 --> mysqli_sql_exception: Cannot add or update a child row: a foreign key constraint fails (`webuser_moj`.`user_education`, CONSTRAINT `user_education_user_id_foreign` FOREIGN KEY (`user_id`) REFERENCES `users` (`id`) ON DELETE CASCADE ON UPDATE CASCADE) in /home/webuser/web/dashboard.masterofjobs.in/public_html/vendor/codeigniter4/framework/system/Database/MySQLi/Connection.php:295
Stack trace:
#0 /home/webuser/web/dashboard.masterofjobs.in/public_html/vendor/codeigniter4/framework/system/Database/MySQLi/Connection.php(295): mysqli->query()
#1 /home/webuser/web/dashboard.masterofjobs.in/public_html/vendor/codeigniter4/framework/system/Database/BaseConnection.php(692): CodeIgniter\Database\MySQLi\Connection->execute()
#2 /home/webuser/web/dashboard.masterofjobs.in/public_html/vendor/codeigniter4/framework/system/Database/BaseConnection.php(606): CodeIgniter\Database\BaseConnection->simpleQuery()
#3 /home/webuser/web/dashboard.masterofjobs.in/public_html/app/Models/UserModel.php(718): CodeIgniter\Database\BaseConnection->query()
#4 /home/webuser/web/dashboard.masterofjobs.in/public_html/app/Controllers/Users.php(419): App\Models\UserModel->save_edu()
#5 /home/webuser/web/dashboard.masterofjobs.in/public_html/vendor/codeigniter4/framework/system/CodeIgniter.php(932): App\Controllers\Users->education()
#6 /home/webuser/web/dashboard.masterofjobs.in/public_html/vendor/codeigniter4/framework/system/CodeIgniter.php(497): CodeIgniter\CodeIgniter->runController()
#7 /home/webuser/web/dashboard.masterofjobs.in/public_html/vendor/codeigniter4/framework/system/CodeIgniter.php(366): CodeIgniter\CodeIgniter->handleRequest()
#8 /home/webuser/web/dashboard.masterofjobs.in/public_html/public/index.php(67): CodeIgniter\CodeIgniter->run()
#9 {main}
CRITICAL - 2024-06-10 12:15:09 --> Cannot add or update a child row: a foreign key constraint fails (`webuser_moj`.`user_education`, CONSTRAINT `user_education_user_id_foreign` FOREIGN KEY (`user_id`) REFERENCES `users` (`id`) ON DELETE CASCADE ON UPDATE CASCADE)
in SYSTEMPATH/Database/MySQLi/Connection.php on line 295.
 1 SYSTEMPATH/Database/MySQLi/Connection.php(295): mysqli->query()
 2 SYSTEMPATH/Database/BaseConnection.php(692): CodeIgniter\Database\MySQLi\Connection->execute()
 3 SYSTEMPATH/Database/BaseConnection.php(606): CodeIgniter\Database\BaseConnection->simpleQuery()
 4 APPPATH/Models/UserModel.php(718): CodeIgniter\Database\BaseConnection->query()
 5 APPPATH/Controllers/Users.php(419): App\Models\UserModel->save_edu()
 6 SYSTEMPATH/CodeIgniter.php(932): App\Controllers\Users->education()
 7 SYSTEMPATH/CodeIgniter.php(497): CodeIgniter\CodeIgniter->runController()
 8 SYSTEMPATH/CodeIgniter.php(366): CodeIgniter\CodeIgniter->handleRequest()
 9 FCPATH/index.php(67): CodeIgniter\CodeIgniter->run()
ERROR - 2024-06-10 12:15:10 --> mysqli_sql_exception: Cannot add or update a child row: a foreign key constraint fails (`webuser_moj`.`user_education`, CONSTRAINT `user_education_user_id_foreign` FOREIGN KEY (`user_id`) REFERENCES `users` (`id`) ON DELETE CASCADE ON UPDATE CASCADE) in /home/webuser/web/dashboard.masterofjobs.in/public_html/vendor/codeigniter4/framework/system/Database/MySQLi/Connection.php:295
Stack trace:
#0 /home/webuser/web/dashboard.masterofjobs.in/public_html/vendor/codeigniter4/framework/system/Database/MySQLi/Connection.php(295): mysqli->query()
#1 /home/webuser/web/dashboard.masterofjobs.in/public_html/vendor/codeigniter4/framework/system/Database/BaseConnection.php(692): CodeIgniter\Database\MySQLi\Connection->execute()
#2 /home/webuser/web/dashboard.masterofjobs.in/public_html/vendor/codeigniter4/framework/system/Database/BaseConnection.php(606): CodeIgniter\Database\BaseConnection->simpleQuery()
#3 /home/webuser/web/dashboard.masterofjobs.in/public_html/app/Models/UserModel.php(718): CodeIgniter\Database\BaseConnection->query()
#4 /home/webuser/web/dashboard.masterofjobs.in/public_html/app/Controllers/Users.php(419): App\Models\UserModel->save_edu()
#5 /home/webuser/web/dashboard.masterofjobs.in/public_html/vendor/codeigniter4/framework/system/CodeIgniter.php(932): App\Controllers\Users->education()
#6 /home/webuser/web/dashboard.masterofjobs.in/public_html/vendor/codeigniter4/framework/system/CodeIgniter.php(497): CodeIgniter\CodeIgniter->runController()
#7 /home/webuser/web/dashboard.masterofjobs.in/public_html/vendor/codeigniter4/framework/system/CodeIgniter.php(366): CodeIgniter\CodeIgniter->handleRequest()
#8 /home/webuser/web/dashboard.masterofjobs.in/public_html/public/index.php(67): CodeIgniter\CodeIgniter->run()
#9 {main}
CRITICAL - 2024-06-10 12:15:10 --> Cannot add or update a child row: a foreign key constraint fails (`webuser_moj`.`user_education`, CONSTRAINT `user_education_user_id_foreign` FOREIGN KEY (`user_id`) REFERENCES `users` (`id`) ON DELETE CASCADE ON UPDATE CASCADE)
in SYSTEMPATH/Database/MySQLi/Connection.php on line 295.
 1 SYSTEMPATH/Database/MySQLi/Connection.php(295): mysqli->query()
 2 SYSTEMPATH/Database/BaseConnection.php(692): CodeIgniter\Database\MySQLi\Connection->execute()
 3 SYSTEMPATH/Database/BaseConnection.php(606): CodeIgniter\Database\BaseConnection->simpleQuery()
 4 APPPATH/Models/UserModel.php(718): CodeIgniter\Database\BaseConnection->query()
 5 APPPATH/Controllers/Users.php(419): App\Models\UserModel->save_edu()
 6 SYSTEMPATH/CodeIgniter.php(932): App\Controllers\Users->education()
 7 SYSTEMPATH/CodeIgniter.php(497): CodeIgniter\CodeIgniter->runController()
 8 SYSTEMPATH/CodeIgniter.php(366): CodeIgniter\CodeIgniter->handleRequest()
 9 FCPATH/index.php(67): CodeIgniter\CodeIgniter->run()
ERROR - 2024-06-10 12:15:10 --> mysqli_sql_exception: Cannot add or update a child row: a foreign key constraint fails (`webuser_moj`.`user_education`, CONSTRAINT `user_education_user_id_foreign` FOREIGN KEY (`user_id`) REFERENCES `users` (`id`) ON DELETE CASCADE ON UPDATE CASCADE) in /home/webuser/web/dashboard.masterofjobs.in/public_html/vendor/codeigniter4/framework/system/Database/MySQLi/Connection.php:295
Stack trace:
#0 /home/webuser/web/dashboard.masterofjobs.in/public_html/vendor/codeigniter4/framework/system/Database/MySQLi/Connection.php(295): mysqli->query()
#1 /home/webuser/web/dashboard.masterofjobs.in/public_html/vendor/codeigniter4/framework/system/Database/BaseConnection.php(692): CodeIgniter\Database\MySQLi\Connection->execute()
#2 /home/webuser/web/dashboard.masterofjobs.in/public_html/vendor/codeigniter4/framework/system/Database/BaseConnection.php(606): CodeIgniter\Database\BaseConnection->simpleQuery()
#3 /home/webuser/web/dashboard.masterofjobs.in/public_html/app/Models/UserModel.php(718): CodeIgniter\Database\BaseConnection->query()
#4 /home/webuser/web/dashboard.masterofjobs.in/public_html/app/Controllers/Users.php(419): App\Models\UserModel->save_edu()
#5 /home/webuser/web/dashboard.masterofjobs.in/public_html/vendor/codeigniter4/framework/system/CodeIgniter.php(932): App\Controllers\Users->education()
#6 /home/webuser/web/dashboard.masterofjobs.in/public_html/vendor/codeigniter4/framework/system/CodeIgniter.php(497): CodeIgniter\CodeIgniter->runController()
#7 /home/webuser/web/dashboard.masterofjobs.in/public_html/vendor/codeigniter4/framework/system/CodeIgniter.php(366): CodeIgniter\CodeIgniter->handleRequest()
#8 /home/webuser/web/dashboard.masterofjobs.in/public_html/public/index.php(67): CodeIgniter\CodeIgniter->run()
#9 {main}
CRITICAL - 2024-06-10 12:15:10 --> Cannot add or update a child row: a foreign key constraint fails (`webuser_moj`.`user_education`, CONSTRAINT `user_education_user_id_foreign` FOREIGN KEY (`user_id`) REFERENCES `users` (`id`) ON DELETE CASCADE ON UPDATE CASCADE)
in SYSTEMPATH/Database/MySQLi/Connection.php on line 295.
 1 SYSTEMPATH/Database/MySQLi/Connection.php(295): mysqli->query()
 2 SYSTEMPATH/Database/BaseConnection.php(692): CodeIgniter\Database\MySQLi\Connection->execute()
 3 SYSTEMPATH/Database/BaseConnection.php(606): CodeIgniter\Database\BaseConnection->simpleQuery()
 4 APPPATH/Models/UserModel.php(718): CodeIgniter\Database\BaseConnection->query()
 5 APPPATH/Controllers/Users.php(419): App\Models\UserModel->save_edu()
 6 SYSTEMPATH/CodeIgniter.php(932): App\Controllers\Users->education()
 7 SYSTEMPATH/CodeIgniter.php(497): CodeIgniter\CodeIgniter->runController()
 8 SYSTEMPATH/CodeIgniter.php(366): CodeIgniter\CodeIgniter->handleRequest()
 9 FCPATH/index.php(67): CodeIgniter\CodeIgniter->run()
ERROR - 2024-06-10 12:15:10 --> mysqli_sql_exception: Cannot add or update a child row: a foreign key constraint fails (`webuser_moj`.`user_education`, CONSTRAINT `user_education_user_id_foreign` FOREIGN KEY (`user_id`) REFERENCES `users` (`id`) ON DELETE CASCADE ON UPDATE CASCADE) in /home/webuser/web/dashboard.masterofjobs.in/public_html/vendor/codeigniter4/framework/system/Database/MySQLi/Connection.php:295
Stack trace:
#0 /home/webuser/web/dashboard.masterofjobs.in/public_html/vendor/codeigniter4/framework/system/Database/MySQLi/Connection.php(295): mysqli->query()
#1 /home/webuser/web/dashboard.masterofjobs.in/public_html/vendor/codeigniter4/framework/system/Database/BaseConnection.php(692): CodeIgniter\Database\MySQLi\Connection->execute()
#2 /home/webuser/web/dashboard.masterofjobs.in/public_html/vendor/codeigniter4/framework/system/Database/BaseConnection.php(606): CodeIgniter\Database\BaseConnection->simpleQuery()
#3 /home/webuser/web/dashboard.masterofjobs.in/public_html/app/Models/UserModel.php(718): CodeIgniter\Database\BaseConnection->query()
#4 /home/webuser/web/dashboard.masterofjobs.in/public_html/app/Controllers/Users.php(419): App\Models\UserModel->save_edu()
#5 /home/webuser/web/dashboard.masterofjobs.in/public_html/vendor/codeigniter4/framework/system/CodeIgniter.php(932): App\Controllers\Users->education()
#6 /home/webuser/web/dashboard.masterofjobs.in/public_html/vendor/codeigniter4/framework/system/CodeIgniter.php(497): CodeIgniter\CodeIgniter->runController()
#7 /home/webuser/web/dashboard.masterofjobs.in/public_html/vendor/codeigniter4/framework/system/CodeIgniter.php(366): CodeIgniter\CodeIgniter->handleRequest()
#8 /home/webuser/web/dashboard.masterofjobs.in/public_html/public/index.php(67): CodeIgniter\CodeIgniter->run()
#9 {main}
CRITICAL - 2024-06-10 12:15:10 --> Cannot add or update a child row: a foreign key constraint fails (`webuser_moj`.`user_education`, CONSTRAINT `user_education_user_id_foreign` FOREIGN KEY (`user_id`) REFERENCES `users` (`id`) ON DELETE CASCADE ON UPDATE CASCADE)
in SYSTEMPATH/Database/MySQLi/Connection.php on line 295.
 1 SYSTEMPATH/Database/MySQLi/Connection.php(295): mysqli->query()
 2 SYSTEMPATH/Database/BaseConnection.php(692): CodeIgniter\Database\MySQLi\Connection->execute()
 3 SYSTEMPATH/Database/BaseConnection.php(606): CodeIgniter\Database\BaseConnection->simpleQuery()
 4 APPPATH/Models/UserModel.php(718): CodeIgniter\Database\BaseConnection->query()
 5 APPPATH/Controllers/Users.php(419): App\Models\UserModel->save_edu()
 6 SYSTEMPATH/CodeIgniter.php(932): App\Controllers\Users->education()
 7 SYSTEMPATH/CodeIgniter.php(497): CodeIgniter\CodeIgniter->runController()
 8 SYSTEMPATH/CodeIgniter.php(366): CodeIgniter\CodeIgniter->handleRequest()
 9 FCPATH/index.php(67): CodeIgniter\CodeIgniter->run()
ERROR - 2024-06-10 12:15:10 --> mysqli_sql_exception: Cannot add or update a child row: a foreign key constraint fails (`webuser_moj`.`user_education`, CONSTRAINT `user_education_user_id_foreign` FOREIGN KEY (`user_id`) REFERENCES `users` (`id`) ON DELETE CASCADE ON UPDATE CASCADE) in /home/webuser/web/dashboard.masterofjobs.in/public_html/vendor/codeigniter4/framework/system/Database/MySQLi/Connection.php:295
Stack trace:
#0 /home/webuser/web/dashboard.masterofjobs.in/public_html/vendor/codeigniter4/framework/system/Database/MySQLi/Connection.php(295): mysqli->query()
#1 /home/webuser/web/dashboard.masterofjobs.in/public_html/vendor/codeigniter4/framework/system/Database/BaseConnection.php(692): CodeIgniter\Database\MySQLi\Connection->execute()
#2 /home/webuser/web/dashboard.masterofjobs.in/public_html/vendor/codeigniter4/framework/system/Database/BaseConnection.php(606): CodeIgniter\Database\BaseConnection->simpleQuery()
#3 /home/webuser/web/dashboard.masterofjobs.in/public_html/app/Models/UserModel.php(718): CodeIgniter\Database\BaseConnection->query()
#4 /home/webuser/web/dashboard.masterofjobs.in/public_html/app/Controllers/Users.php(419): App\Models\UserModel->save_edu()
#5 /home/webuser/web/dashboard.masterofjobs.in/public_html/vendor/codeigniter4/framework/system/CodeIgniter.php(932): App\Controllers\Users->education()
#6 /home/webuser/web/dashboard.masterofjobs.in/public_html/vendor/codeigniter4/framework/system/CodeIgniter.php(497): CodeIgniter\CodeIgniter->runController()
#7 /home/webuser/web/dashboard.masterofjobs.in/public_html/vendor/codeigniter4/framework/system/CodeIgniter.php(366): CodeIgniter\CodeIgniter->handleRequest()
#8 /home/webuser/web/dashboard.masterofjobs.in/public_html/public/index.php(67): CodeIgniter\CodeIgniter->run()
#9 {main}
CRITICAL - 2024-06-10 12:15:10 --> Cannot add or update a child row: a foreign key constraint fails (`webuser_moj`.`user_education`, CONSTRAINT `user_education_user_id_foreign` FOREIGN KEY (`user_id`) REFERENCES `users` (`id`) ON DELETE CASCADE ON UPDATE CASCADE)
in SYSTEMPATH/Database/MySQLi/Connection.php on line 295.
 1 SYSTEMPATH/Database/MySQLi/Connection.php(295): mysqli->query()
 2 SYSTEMPATH/Database/BaseConnection.php(692): CodeIgniter\Database\MySQLi\Connection->execute()
 3 SYSTEMPATH/Database/BaseConnection.php(606): CodeIgniter\Database\BaseConnection->simpleQuery()
 4 APPPATH/Models/UserModel.php(718): CodeIgniter\Database\BaseConnection->query()
 5 APPPATH/Controllers/Users.php(419): App\Models\UserModel->save_edu()
 6 SYSTEMPATH/CodeIgniter.php(932): App\Controllers\Users->education()
 7 SYSTEMPATH/CodeIgniter.php(497): CodeIgniter\CodeIgniter->runController()
 8 SYSTEMPATH/CodeIgniter.php(366): CodeIgniter\CodeIgniter->handleRequest()
 9 FCPATH/index.php(67): CodeIgniter\CodeIgniter->run()
ERROR - 2024-06-10 12:15:10 --> mysqli_sql_exception: Cannot add or update a child row: a foreign key constraint fails (`webuser_moj`.`user_education`, CONSTRAINT `user_education_user_id_foreign` FOREIGN KEY (`user_id`) REFERENCES `users` (`id`) ON DELETE CASCADE ON UPDATE CASCADE) in /home/webuser/web/dashboard.masterofjobs.in/public_html/vendor/codeigniter4/framework/system/Database/MySQLi/Connection.php:295
Stack trace:
#0 /home/webuser/web/dashboard.masterofjobs.in/public_html/vendor/codeigniter4/framework/system/Database/MySQLi/Connection.php(295): mysqli->query()
#1 /home/webuser/web/dashboard.masterofjobs.in/public_html/vendor/codeigniter4/framework/system/Database/BaseConnection.php(692): CodeIgniter\Database\MySQLi\Connection->execute()
#2 /home/webuser/web/dashboard.masterofjobs.in/public_html/vendor/codeigniter4/framework/system/Database/BaseConnection.php(606): CodeIgniter\Database\BaseConnection->simpleQuery()
#3 /home/webuser/web/dashboard.masterofjobs.in/public_html/app/Models/UserModel.php(718): CodeIgniter\Database\BaseConnection->query()
#4 /home/webuser/web/dashboard.masterofjobs.in/public_html/app/Controllers/Users.php(419): App\Models\UserModel->save_edu()
#5 /home/webuser/web/dashboard.masterofjobs.in/public_html/vendor/codeigniter4/framework/system/CodeIgniter.php(932): App\Controllers\Users->education()
#6 /home/webuser/web/dashboard.masterofjobs.in/public_html/vendor/codeigniter4/framework/system/CodeIgniter.php(497): CodeIgniter\CodeIgniter->runController()
#7 /home/webuser/web/dashboard.masterofjobs.in/public_html/vendor/codeigniter4/framework/system/CodeIgniter.php(366): CodeIgniter\CodeIgniter->handleRequest()
#8 /home/webuser/web/dashboard.masterofjobs.in/public_html/public/index.php(67): CodeIgniter\CodeIgniter->run()
#9 {main}
CRITICAL - 2024-06-10 12:15:10 --> Cannot add or update a child row: a foreign key constraint fails (`webuser_moj`.`user_education`, CONSTRAINT `user_education_user_id_foreign` FOREIGN KEY (`user_id`) REFERENCES `users` (`id`) ON DELETE CASCADE ON UPDATE CASCADE)
in SYSTEMPATH/Database/MySQLi/Connection.php on line 295.
 1 SYSTEMPATH/Database/MySQLi/Connection.php(295): mysqli->query()
 2 SYSTEMPATH/Database/BaseConnection.php(692): CodeIgniter\Database\MySQLi\Connection->execute()
 3 SYSTEMPATH/Database/BaseConnection.php(606): CodeIgniter\Database\BaseConnection->simpleQuery()
 4 APPPATH/Models/UserModel.php(718): CodeIgniter\Database\BaseConnection->query()
 5 APPPATH/Controllers/Users.php(419): App\Models\UserModel->save_edu()
 6 SYSTEMPATH/CodeIgniter.php(932): App\Controllers\Users->education()
 7 SYSTEMPATH/CodeIgniter.php(497): CodeIgniter\CodeIgniter->runController()
 8 SYSTEMPATH/CodeIgniter.php(366): CodeIgniter\CodeIgniter->handleRequest()
 9 FCPATH/index.php(67): CodeIgniter\CodeIgniter->run()
CRITICAL - 2024-06-10 09:32:26 --> Undefined array key "point"
in APPPATH/Models/UserModel.php on line 345.
 1 APPPATH/Models/UserModel.php(345): CodeIgniter\Debug\Exceptions->errorHandler()
 2 APPPATH/Controllers/Users.php(92): App\Models\UserModel->update_ref()
 3 SYSTEMPATH/CodeIgniter.php(932): App\Controllers\Users->ref_update()
 4 SYSTEMPATH/CodeIgniter.php(497): CodeIgniter\CodeIgniter->runController()
 5 SYSTEMPATH/CodeIgniter.php(366): CodeIgniter\CodeIgniter->handleRequest()
 6 FCPATH/index.php(67): CodeIgniter\CodeIgniter->run()
CRITICAL - 2024-06-10 09:37:42 --> Undefined array key "point"
in APPPATH/Models/UserModel.php on line 345.
 1 APPPATH/Models/UserModel.php(345): CodeIgniter\Debug\Exceptions->errorHandler()
 2 APPPATH/Controllers/Users.php(92): App\Models\UserModel->update_ref()
 3 SYSTEMPATH/CodeIgniter.php(932): App\Controllers\Users->ref_update()
 4 SYSTEMPATH/CodeIgniter.php(497): CodeIgniter\CodeIgniter->runController()
 5 SYSTEMPATH/CodeIgniter.php(366): CodeIgniter\CodeIgniter->handleRequest()
 6 FCPATH/index.php(67): CodeIgniter\CodeIgniter->run()
CRITICAL - 2024-06-10 09:49:49 --> User does not exist for specified user id
in APPPATH/Models/UserModel.php on line 276.
 1 APPPATH/Controllers/Users.php(115): App\Models\UserModel->findUserById()
 2 SYSTEMPATH/CodeIgniter.php(932): App\Controllers\Users->ref_point()
 3 SYSTEMPATH/CodeIgniter.php(497): CodeIgniter\CodeIgniter->runController()
 4 SYSTEMPATH/CodeIgniter.php(366): CodeIgniter\CodeIgniter->handleRequest()
 5 FCPATH/index.php(67): CodeIgniter\CodeIgniter->run()
CRITICAL - 2024-06-10 09:50:39 --> User does not exist for specified user id
in APPPATH/Models/UserModel.php on line 276.
 1 APPPATH/Controllers/Users.php(115): App\Models\UserModel->findUserById()
 2 SYSTEMPATH/CodeIgniter.php(932): App\Controllers\Users->ref_point()
 3 SYSTEMPATH/CodeIgniter.php(497): CodeIgniter\CodeIgniter->runController()
 4 SYSTEMPATH/CodeIgniter.php(366): CodeIgniter\CodeIgniter->handleRequest()
 5 FCPATH/index.php(67): CodeIgniter\CodeIgniter->run()
CRITICAL - 2024-06-10 09:50:54 --> User does not exist for specified user id
in APPPATH/Models/UserModel.php on line 276.
 1 APPPATH/Controllers/Users.php(115): App\Models\UserModel->findUserById()
 2 SYSTEMPATH/CodeIgniter.php(932): App\Controllers\Users->ref_point()
 3 SYSTEMPATH/CodeIgniter.php(497): CodeIgniter\CodeIgniter->runController()
 4 SYSTEMPATH/CodeIgniter.php(366): CodeIgniter\CodeIgniter->handleRequest()
 5 FCPATH/index.php(67): CodeIgniter\CodeIgniter->run()
CRITICAL - 2024-06-10 09:55:24 --> User does not exist for specified user id
in APPPATH/Models/UserModel.php on line 276.
 1 APPPATH/Controllers/Users.php(115): App\Models\UserModel->findUserById()
 2 SYSTEMPATH/CodeIgniter.php(932): App\Controllers\Users->ref_point()
 3 SYSTEMPATH/CodeIgniter.php(497): CodeIgniter\CodeIgniter->runController()
 4 SYSTEMPATH/CodeIgniter.php(366): CodeIgniter\CodeIgniter->handleRequest()
 5 FCPATH/index.php(67): CodeIgniter\CodeIgniter->run()
CRITICAL - 2024-06-10 09:55:24 --> User does not exist for specified user id
in APPPATH/Models/UserModel.php on line 276.
 1 APPPATH/Controllers/Users.php(115): App\Models\UserModel->findUserById()
 2 SYSTEMPATH/CodeIgniter.php(932): App\Controllers\Users->ref_point()
 3 SYSTEMPATH/CodeIgniter.php(497): CodeIgniter\CodeIgniter->runController()
 4 SYSTEMPATH/CodeIgniter.php(366): CodeIgniter\CodeIgniter->handleRequest()
 5 FCPATH/index.php(67): CodeIgniter\CodeIgniter->run()
CRITICAL - 2024-06-10 09:55:33 --> User does not exist for specified user id
in APPPATH/Models/UserModel.php on line 276.
 1 APPPATH/Controllers/Users.php(115): App\Models\UserModel->findUserById()
 2 SYSTEMPATH/CodeIgniter.php(932): App\Controllers\Users->ref_point()
 3 SYSTEMPATH/CodeIgniter.php(497): CodeIgniter\CodeIgniter->runController()
 4 SYSTEMPATH/CodeIgniter.php(366): CodeIgniter\CodeIgniter->handleRequest()
 5 FCPATH/index.php(67): CodeIgniter\CodeIgniter->run()
CRITICAL - 2024-06-10 09:55:33 --> User does not exist for specified user id
in APPPATH/Models/UserModel.php on line 276.
 1 APPPATH/Controllers/Users.php(115): App\Models\UserModel->findUserById()
 2 SYSTEMPATH/CodeIgniter.php(932): App\Controllers\Users->ref_point()
 3 SYSTEMPATH/CodeIgniter.php(497): CodeIgniter\CodeIgniter->runController()
 4 SYSTEMPATH/CodeIgniter.php(366): CodeIgniter\CodeIgniter->handleRequest()
 5 FCPATH/index.php(67): CodeIgniter\CodeIgniter->run()
